{
    "Params: PARABRICKS_FQ2BAMMETH - GPU Profile": {
        "content": [
            32,
            {
                "BWAMETH_ALIGN": {
                    "bwameth": "0.2.9"
                },
                "BWAMETH_INDEX": {
                    "bwameth": "0.2.9"
                },
                "FASTQC": {
                    "fastqc": "0.12.1"
                },
                "GUNZIP": {
                    "gunzip": 1.13
                },
                "METHYLDACKEL_EXTRACT": {
                    "methyldackel": "0.6.1"
                },
                "METHYLDACKEL_MBIAS": {
                    "methyldackel": "0.6.1"
                },
                "PICARD_MARKDUPLICATES": {
                    "picard": "3.3.0"
                },
                "SAMTOOLS_FLAGSTAT": {
                    "samtools": 1.21
                },
                "SAMTOOLS_INDEX_ALIGNMENTS": {
                    "samtools": 1.21
                },
                "SAMTOOLS_INDEX_DEDUPLICATED": {
                    "samtools": 1.21
                },
                "SAMTOOLS_SORT": {
                    "samtools": 1.21
                },
                "SAMTOOLS_STATS": {
                    "samtools": 1.21
                },
                "TRIMGALORE": {
                    "trimgalore": "0.6.10",
                    "cutadapt": 4.9,
                    "pigz": 2.8
                },
                "Workflow": {
                    "nf-core/methylseq": "v4.1.0"
                }
            },
            [
                "bwameth",
                "bwameth/alignments",
                "bwameth/alignments/samtools_stats",
                "bwameth/alignments/samtools_stats/SRR389222_sub1.flagstat",
                "bwameth/alignments/samtools_stats/SRR389222_sub1.stats",
                "bwameth/alignments/samtools_stats/SRR389222_sub2.flagstat",
                "bwameth/alignments/samtools_stats/SRR389222_sub2.stats",
                "bwameth/alignments/samtools_stats/SRR389222_sub3.flagstat",
                "bwameth/alignments/samtools_stats/SRR389222_sub3.stats",
                "bwameth/deduplicated",
                "bwameth/deduplicated/SRR389222_sub1.deduplicated.sorted.bam",
                "bwameth/deduplicated/SRR389222_sub1.markdup.sorted.bam",
                "bwameth/deduplicated/SRR389222_sub1.markdup.sorted.bam.bai",
                "bwameth/deduplicated/SRR389222_sub2.deduplicated.sorted.bam",
                "bwameth/deduplicated/SRR389222_sub2.markdup.sorted.bam",
                "bwameth/deduplicated/SRR389222_sub2.markdup.sorted.bam.bai",
                "bwameth/deduplicated/SRR389222_sub3.deduplicated.sorted.bam",
                "bwameth/deduplicated/SRR389222_sub3.markdup.sorted.bam",
                "bwameth/deduplicated/SRR389222_sub3.markdup.sorted.bam.bai",
                "bwameth/deduplicated/picard_metrics",
                "bwameth/deduplicated/picard_metrics/SRR389222_sub1.markdup.sorted.MarkDuplicates.metrics.txt",
                "bwameth/deduplicated/picard_metrics/SRR389222_sub2.markdup.sorted.MarkDuplicates.metrics.txt",
                "bwameth/deduplicated/picard_metrics/SRR389222_sub3.markdup.sorted.MarkDuplicates.metrics.txt",
                "fastqc",
                "fastqc/SRR389222_sub1_fastqc.html",
                "fastqc/SRR389222_sub2_fastqc.html",
                "fastqc/SRR389222_sub3_fastqc.html",
                "fastqc/zips",
                "fastqc/zips/SRR389222_sub1_fastqc.zip",
                "fastqc/zips/SRR389222_sub2_fastqc.zip",
                "fastqc/zips/SRR389222_sub3_fastqc.zip",
                "methyldackel",
                "methyldackel/SRR389222_sub3.markdup.sorted_CpG.bedGraph",
                "methyldackel/mbias",
                "methyldackel/mbias/SRR389222_sub3.mbias.txt",
                "multiqc",
                "multiqc/bwameth",
                "multiqc/bwameth/multiqc_data",
                "multiqc/bwameth/multiqc_data/BETA-multiqc.parquet",
                "multiqc/bwameth/multiqc_data/cutadapt_filtered_reads_plot.txt",
                "multiqc/bwameth/multiqc_data/cutadapt_trimmed_sequences_plot_3_Counts.txt",
                "multiqc/bwameth/multiqc_data/cutadapt_trimmed_sequences_plot_3_Obs_Exp.txt",
                "multiqc/bwameth/multiqc_data/fastqc-status-check-heatmap.txt",
                "multiqc/bwameth/multiqc_data/fastqc_overrepresented_sequences_plot.txt",
                "multiqc/bwameth/multiqc_data/fastqc_per_base_n_content_plot.txt",
                "multiqc/bwameth/multiqc_data/fastqc_per_base_sequence_quality_plot.txt",
                "multiqc/bwameth/multiqc_data/fastqc_per_sequence_gc_content_plot_Counts.txt",
                "multiqc/bwameth/multiqc_data/fastqc_per_sequence_gc_content_plot_Percentages.txt",
                "multiqc/bwameth/multiqc_data/fastqc_per_sequence_quality_scores_plot.txt",
                "multiqc/bwameth/multiqc_data/fastqc_sequence_counts_plot.txt",
                "multiqc/bwameth/multiqc_data/fastqc_sequence_duplication_levels_plot.txt",
                "multiqc/bwameth/multiqc_data/fastqc_top_overrepresented_sequences_table.txt",
                "multiqc/bwameth/multiqc_data/llms-full.txt",
                "multiqc/bwameth/multiqc_data/multiqc.log",
                "multiqc/bwameth/multiqc_data/multiqc_citations.txt",
                "multiqc/bwameth/multiqc_data/multiqc_cutadapt.txt",
                "multiqc/bwameth/multiqc_data/multiqc_data.json",
                "multiqc/bwameth/multiqc_data/multiqc_fastqc.txt",
                "multiqc/bwameth/multiqc_data/multiqc_general_stats.txt",
                "multiqc/bwameth/multiqc_data/multiqc_samtools_flagstat.txt",
                "multiqc/bwameth/multiqc_data/multiqc_samtools_stats.txt",
                "multiqc/bwameth/multiqc_data/multiqc_software_versions.txt",
                "multiqc/bwameth/multiqc_data/multiqc_sources.txt",
                "multiqc/bwameth/multiqc_data/picard_MarkIlluminaAdapters_histogram.txt",
                "multiqc/bwameth/multiqc_data/picard_MeanQualityByCycle_histogram.txt",
                "multiqc/bwameth/multiqc_data/picard_QualityScoreDistribution_histogram.txt",
                "multiqc/bwameth/multiqc_data/samtools-flagstat-pct-table.txt",
                "multiqc/bwameth/multiqc_data/samtools-flagstat-table.txt",
                "multiqc/bwameth/multiqc_data/samtools-stats-dp.txt",
                "multiqc/bwameth/multiqc_data/samtools_alignment_plot.txt",
                "multiqc/bwameth/multiqc_plots",
                "multiqc/bwameth/multiqc_plots/pdf",
                "multiqc/bwameth/multiqc_plots/pdf/cutadapt_filtered_reads_plot-cnt.pdf",
                "multiqc/bwameth/multiqc_plots/pdf/cutadapt_filtered_reads_plot-pct.pdf",
                "multiqc/bwameth/multiqc_plots/pdf/cutadapt_trimmed_sequences_plot_3_Counts.pdf",
                "multiqc/bwameth/multiqc_plots/pdf/cutadapt_trimmed_sequences_plot_3_Obs_Exp.pdf",
                "multiqc/bwameth/multiqc_plots/pdf/fastqc-status-check-heatmap.pdf",
                "multiqc/bwameth/multiqc_plots/pdf/fastqc_overrepresented_sequences_plot.pdf",
                "multiqc/bwameth/multiqc_plots/pdf/fastqc_per_base_n_content_plot.pdf",
                "multiqc/bwameth/multiqc_plots/pdf/fastqc_per_base_sequence_quality_plot.pdf",
                "multiqc/bwameth/multiqc_plots/pdf/fastqc_per_sequence_gc_content_plot_Counts.pdf",
                "multiqc/bwameth/multiqc_plots/pdf/fastqc_per_sequence_gc_content_plot_Percentages.pdf",
                "multiqc/bwameth/multiqc_plots/pdf/fastqc_per_sequence_quality_scores_plot.pdf",
                "multiqc/bwameth/multiqc_plots/pdf/fastqc_sequence_counts_plot-cnt.pdf",
                "multiqc/bwameth/multiqc_plots/pdf/fastqc_sequence_counts_plot-pct.pdf",
                "multiqc/bwameth/multiqc_plots/pdf/fastqc_sequence_duplication_levels_plot.pdf",
                "multiqc/bwameth/multiqc_plots/pdf/fastqc_top_overrepresented_sequences_table.pdf",
                "multiqc/bwameth/multiqc_plots/pdf/samtools-flagstat-pct-table.pdf",
                "multiqc/bwameth/multiqc_plots/pdf/samtools-flagstat-table.pdf",
                "multiqc/bwameth/multiqc_plots/pdf/samtools-stats-dp.pdf",
                "multiqc/bwameth/multiqc_plots/pdf/samtools_alignment_plot-cnt.pdf",
                "multiqc/bwameth/multiqc_plots/pdf/samtools_alignment_plot-pct.pdf",
                "multiqc/bwameth/multiqc_plots/png",
                "multiqc/bwameth/multiqc_plots/png/cutadapt_filtered_reads_plot-cnt.png",
                "multiqc/bwameth/multiqc_plots/png/cutadapt_filtered_reads_plot-pct.png",
                "multiqc/bwameth/multiqc_plots/png/cutadapt_trimmed_sequences_plot_3_Counts.png",
                "multiqc/bwameth/multiqc_plots/png/cutadapt_trimmed_sequences_plot_3_Obs_Exp.png",
                "multiqc/bwameth/multiqc_plots/png/fastqc-status-check-heatmap.png",
                "multiqc/bwameth/multiqc_plots/png/fastqc_overrepresented_sequences_plot.png",
                "multiqc/bwameth/multiqc_plots/png/fastqc_per_base_n_content_plot.png",
                "multiqc/bwameth/multiqc_plots/png/fastqc_per_base_sequence_quality_plot.png",
                "multiqc/bwameth/multiqc_plots/png/fastqc_per_sequence_gc_content_plot_Counts.png",
                "multiqc/bwameth/multiqc_plots/png/fastqc_per_sequence_gc_content_plot_Percentages.png",
                "multiqc/bwameth/multiqc_plots/png/fastqc_per_sequence_quality_scores_plot.png",
                "multiqc/bwameth/multiqc_plots/png/fastqc_sequence_counts_plot-cnt.png",
                "multiqc/bwameth/multiqc_plots/png/fastqc_sequence_counts_plot-pct.png",
                "multiqc/bwameth/multiqc_plots/png/fastqc_sequence_duplication_levels_plot.png",
                "multiqc/bwameth/multiqc_plots/png/fastqc_top_overrepresented_sequences_table.png",
                "multiqc/bwameth/multiqc_plots/png/samtools-flagstat-pct-table.png",
                "multiqc/bwameth/multiqc_plots/png/samtools-flagstat-table.png",
                "multiqc/bwameth/multiqc_plots/png/samtools-stats-dp.png",
                "multiqc/bwameth/multiqc_plots/png/samtools_alignment_plot-cnt.png",
                "multiqc/bwameth/multiqc_plots/png/samtools_alignment_plot-pct.png",
                "multiqc/bwameth/multiqc_plots/svg",
                "multiqc/bwameth/multiqc_plots/svg/cutadapt_filtered_reads_plot-cnt.svg",
                "multiqc/bwameth/multiqc_plots/svg/cutadapt_filtered_reads_plot-pct.svg",
                "multiqc/bwameth/multiqc_plots/svg/cutadapt_trimmed_sequences_plot_3_Counts.svg",
                "multiqc/bwameth/multiqc_plots/svg/cutadapt_trimmed_sequences_plot_3_Obs_Exp.svg",
                "multiqc/bwameth/multiqc_plots/svg/fastqc-status-check-heatmap.svg",
                "multiqc/bwameth/multiqc_plots/svg/fastqc_overrepresented_sequences_plot.svg",
                "multiqc/bwameth/multiqc_plots/svg/fastqc_per_base_n_content_plot.svg",
                "multiqc/bwameth/multiqc_plots/svg/fastqc_per_base_sequence_quality_plot.svg",
                "multiqc/bwameth/multiqc_plots/svg/fastqc_per_sequence_gc_content_plot_Counts.svg",
                "multiqc/bwameth/multiqc_plots/svg/fastqc_per_sequence_gc_content_plot_Percentages.svg",
                "multiqc/bwameth/multiqc_plots/svg/fastqc_per_sequence_quality_scores_plot.svg",
                "multiqc/bwameth/multiqc_plots/svg/fastqc_sequence_counts_plot-cnt.svg",
                "multiqc/bwameth/multiqc_plots/svg/fastqc_sequence_counts_plot-pct.svg",
                "multiqc/bwameth/multiqc_plots/svg/fastqc_sequence_duplication_levels_plot.svg",
                "multiqc/bwameth/multiqc_plots/svg/fastqc_top_overrepresented_sequences_table.svg",
                "multiqc/bwameth/multiqc_plots/svg/samtools-flagstat-pct-table.svg",
                "multiqc/bwameth/multiqc_plots/svg/samtools-flagstat-table.svg",
                "multiqc/bwameth/multiqc_plots/svg/samtools-stats-dp.svg",
                "multiqc/bwameth/multiqc_plots/svg/samtools_alignment_plot-cnt.svg",
                "multiqc/bwameth/multiqc_plots/svg/samtools_alignment_plot-pct.svg",
                "multiqc/bwameth/multiqc_report.html",
                "pipeline_info",
                "pipeline_info/nf_core_methylseq_software_mqc_versions.yml",
                "trimgalore",
                "trimgalore/fastqc",
                "trimgalore/fastqc/SRR389222_sub1_trimmed_fastqc.html",
                "trimgalore/fastqc/SRR389222_sub2_trimmed_fastqc.html",
                "trimgalore/fastqc/SRR389222_sub3_trimmed_fastqc.html",
                "trimgalore/fastqc/zips",
                "trimgalore/fastqc/zips/SRR389222_sub1_trimmed_fastqc.zip",
                "trimgalore/fastqc/zips/SRR389222_sub2_trimmed_fastqc.zip",
                "trimgalore/fastqc/zips/SRR389222_sub3_trimmed_fastqc.zip",
                "trimgalore/logs",
                "trimgalore/logs/SRR389222_sub1.fastq.gz_trimming_report.txt",
                "trimgalore/logs/SRR389222_sub2.fastq.gz_trimming_report.txt",
                "trimgalore/logs/SRR389222_sub3.fastq.gz_trimming_report.txt"
            ],
            [
                "SRR389222_sub1.flagstat:md5,ad8159a7683b9c3057bf54ccb77a2ddc",
                "SRR389222_sub1.stats:md5,21e116cc6374c4a2d55d2c383cd4281e",
                "SRR389222_sub2.flagstat:md5,e768b4f54014d62b096152c44f920bc1",
                "SRR389222_sub2.stats:md5,75cb0f1e953843150e3b217ec3f271da",
                "SRR389222_sub3.flagstat:md5,39516f7d2c77e6fef9543edf8cddbcd6",
                "SRR389222_sub3.stats:md5,6876e424094ecdf302bd2097f8e21b1c",
                "SRR389222_sub3.markdup.sorted_CpG.bedGraph:md5,a91e6b039e9581a9d2ef6f6057918b39",
                "SRR389222_sub3.mbias.txt:md5,fce04d733e066d0b933cedc602e2af81",
                "cutadapt_filtered_reads_plot.txt:md5,e6192537579202ae2eae0583df8ce114",
                "cutadapt_trimmed_sequences_plot_3_Counts.txt:md5,425a49f98170520efd358fa3c4af6ef5",
                "cutadapt_trimmed_sequences_plot_3_Obs_Exp.txt:md5,b38beb1846401098b286a088fe63acee",
                "fastqc-status-check-heatmap.txt:md5,7289b15cb0ebb19d56331b8f2e82b2b3",
                "fastqc_overrepresented_sequences_plot.txt:md5,51888494be30068524e5e338b548318f",
                "fastqc_per_base_n_content_plot.txt:md5,f786b052f9613e8dab0679ee6abdb089",
                "fastqc_per_base_sequence_quality_plot.txt:md5,a59e07f36250f4ee1cac14f641d12b41",
                "fastqc_per_sequence_gc_content_plot_Counts.txt:md5,60230197e11203641ee3a9242ca3cc1e",
                "fastqc_per_sequence_gc_content_plot_Percentages.txt:md5,93afe16c96977906f458de742ecfa546",
                "fastqc_per_sequence_quality_scores_plot.txt:md5,91318c1d6bb24eb198fb58d00932297b",
                "fastqc_sequence_counts_plot.txt:md5,ff6b53f673a0fa22a6be7589292a2cc2",
                "fastqc_sequence_duplication_levels_plot.txt:md5,b86ac1b21d5f9adb7875640ddef95b5a",
                "fastqc_top_overrepresented_sequences_table.txt:md5,36b233534f727b98041df8c987e05b9e",
                "multiqc_citations.txt:md5,ad6c1e326b4276501a3b42eaad747de1",
                "multiqc_cutadapt.txt:md5,8562f9a4488d847dd6457a95b983b808",
                "multiqc_samtools_flagstat.txt:md5,082795eb003adb27217832b56fbda0d3",
                "multiqc_samtools_stats.txt:md5,8ce3aebd6baaf0d197db5a517f9f5671",
                "picard_MarkIlluminaAdapters_histogram.txt:md5,d41d8cd98f00b204e9800998ecf8427e",
                "picard_MeanQualityByCycle_histogram.txt:md5,d41d8cd98f00b204e9800998ecf8427e",
                "picard_QualityScoreDistribution_histogram.txt:md5,d41d8cd98f00b204e9800998ecf8427e",
                "samtools-flagstat-pct-table.txt:md5,921b0c969e7c154c0cd18b331e2a6c1c",
                "samtools-flagstat-table.txt:md5,c0764320e38e62b48d59f608094804b8",
                "samtools-stats-dp.txt:md5,99418ae30d5855a3d8cd9cfdf21dd14d",
                "samtools_alignment_plot.txt:md5,34b8fa8a88b6f5ef00153b07aabc028d"
            ],
            [
                [
                    "SRR389222_sub1.deduplicated.sorted.bam",
                    "e50275d6d44138f19d65ee479444d5ce"
                ],
                [
                    "SRR389222_sub1.markdup.sorted.bam",
                    "e50275d6d44138f19d65ee479444d5ce"
                ],
                [
                    "SRR389222_sub2.deduplicated.sorted.bam",
                    "d365b8b2662b2abffb51dd67a1f463b4"
                ],
                [
                    "SRR389222_sub2.markdup.sorted.bam",
                    "d365b8b2662b2abffb51dd67a1f463b4"
                ],
                [
                    "SRR389222_sub3.deduplicated.sorted.bam",
                    "a9fd2900b9d759f8f4f62cbbb2744fde"
                ],
                [
                    "SRR389222_sub3.markdup.sorted.bam",
                    "a9fd2900b9d759f8f4f62cbbb2744fde"
                ]
            ]
        ],
        "meta": {
            "nf-test": "0.9.2",
            "nextflow": "24.10.5"
        },
        "timestamp": "2025-08-26T23:32:54.641160489"
    }
}