{
    "Params: default with bowtie2-index": {
        "content": [
            36
        ],
        "meta": {
            "nf-test": "0.9.2",
            "nextflow": "24.10.2"
        },
        "timestamp": "2024-11-27T17:37:46.406666357"
    },
    "-profile test": {
        "content": [
            36,
            {
                "BISMARK_ALIGN": {
                    "bismark": "0.25.0"
                },
                "BISMARK_DEDUPLICATE": {
                    "bismark": "0.25.0"
                },
                "BISMARK_GENOMEPREPARATION": {
                    "bismark": "0.25.0"
                },
                "BISMARK_METHYLATIONEXTRACTOR": {
                    "bismark": "0.25.0"
                },
                "BISMARK_REPORT": {
                    "bismark": "0.25.0"
                },
                "BISMARK_SUMMARY": {
                    "bismark": "0.25.0"
                },
                "FASTQC": {
                    "fastqc": "0.12.1"
                },
                "GUNZIP": {
                    "gunzip": 1.13
                },
                "SAMTOOLS_INDEX": {
                    "samtools": 1.21
                },
                "SAMTOOLS_SORT": {
                    "samtools": 1.21
                },
                "TRIMGALORE": {
                    "trimgalore": "0.6.10",
                    "cutadapt": 4.9,
                    "pigz": 2.8
                },
                "Workflow": {
                    "nf-core/methylseq": "v4.1.0"
                }
            },
            [
                "bismark",
                "bismark/alignments",
                "bismark/alignments/logs",
                "bismark/alignments/logs/Ecoli_10K_methylated_1_val_1_bismark_bt2_PE_report.txt",
                "bismark/alignments/logs/SRR389222_sub1_trimmed_bismark_bt2_SE_report.txt",
                "bismark/alignments/logs/SRR389222_sub2_trimmed_bismark_bt2_SE_report.txt",
                "bismark/alignments/logs/SRR389222_sub3_trimmed_bismark_bt2_SE_report.txt",
                "bismark/deduplicated",
                "bismark/deduplicated/Ecoli_10K_methylated.deduplicated.sorted.bam",
                "bismark/deduplicated/Ecoli_10K_methylated.deduplicated.sorted.bam.bai",
                "bismark/deduplicated/SRR389222_sub1.deduplicated.sorted.bam",
                "bismark/deduplicated/SRR389222_sub1.deduplicated.sorted.bam.bai",
                "bismark/deduplicated/SRR389222_sub2.deduplicated.sorted.bam",
                "bismark/deduplicated/SRR389222_sub2.deduplicated.sorted.bam.bai",
                "bismark/deduplicated/SRR389222_sub3.deduplicated.sorted.bam",
                "bismark/deduplicated/SRR389222_sub3.deduplicated.sorted.bam.bai",
                "bismark/deduplicated/logs",
                "bismark/deduplicated/logs/Ecoli_10K_methylated_1_val_1_bismark_bt2_pe.deduplication_report.txt",
                "bismark/deduplicated/logs/SRR389222_sub1_trimmed_bismark_bt2.deduplication_report.txt",
                "bismark/deduplicated/logs/SRR389222_sub2_trimmed_bismark_bt2.deduplication_report.txt",
                "bismark/deduplicated/logs/SRR389222_sub3_trimmed_bismark_bt2.deduplication_report.txt",
                "bismark/methylation_calls",
                "bismark/methylation_calls/bedGraph",
                "bismark/methylation_calls/bedGraph/Ecoli_10K_methylated_1_val_1_bismark_bt2_pe.deduplicated.bedGraph.gz",
                "bismark/methylation_calls/bedGraph/SRR389222_sub1_trimmed_bismark_bt2.deduplicated.bedGraph.gz",
                "bismark/methylation_calls/bedGraph/SRR389222_sub2_trimmed_bismark_bt2.deduplicated.bedGraph.gz",
                "bismark/methylation_calls/bedGraph/SRR389222_sub3_trimmed_bismark_bt2.deduplicated.bedGraph.gz",
                "bismark/methylation_calls/mbias",
                "bismark/methylation_calls/mbias/Ecoli_10K_methylated_1_val_1_bismark_bt2_pe.deduplicated.M-bias.txt",
                "bismark/methylation_calls/mbias/SRR389222_sub1_trimmed_bismark_bt2.deduplicated.M-bias.txt",
                "bismark/methylation_calls/mbias/SRR389222_sub2_trimmed_bismark_bt2.deduplicated.M-bias.txt",
                "bismark/methylation_calls/mbias/SRR389222_sub3_trimmed_bismark_bt2.deduplicated.M-bias.txt",
                "bismark/methylation_calls/methylation_calls",
                "bismark/methylation_calls/methylation_calls/CHG_OB_Ecoli_10K_methylated_1_val_1_bismark_bt2_pe.deduplicated.txt.gz",
                "bismark/methylation_calls/methylation_calls/CHG_OB_SRR389222_sub1_trimmed_bismark_bt2.deduplicated.txt.gz",
                "bismark/methylation_calls/methylation_calls/CHG_OB_SRR389222_sub2_trimmed_bismark_bt2.deduplicated.txt.gz",
                "bismark/methylation_calls/methylation_calls/CHG_OB_SRR389222_sub3_trimmed_bismark_bt2.deduplicated.txt.gz",
                "bismark/methylation_calls/methylation_calls/CHG_OT_Ecoli_10K_methylated_1_val_1_bismark_bt2_pe.deduplicated.txt.gz",
                "bismark/methylation_calls/methylation_calls/CHG_OT_SRR389222_sub1_trimmed_bismark_bt2.deduplicated.txt.gz",
                "bismark/methylation_calls/methylation_calls/CHG_OT_SRR389222_sub2_trimmed_bismark_bt2.deduplicated.txt.gz",
                "bismark/methylation_calls/methylation_calls/CHG_OT_SRR389222_sub3_trimmed_bismark_bt2.deduplicated.txt.gz",
                "bismark/methylation_calls/methylation_calls/CHH_OB_Ecoli_10K_methylated_1_val_1_bismark_bt2_pe.deduplicated.txt.gz",
                "bismark/methylation_calls/methylation_calls/CHH_OB_SRR389222_sub1_trimmed_bismark_bt2.deduplicated.txt.gz",
                "bismark/methylation_calls/methylation_calls/CHH_OB_SRR389222_sub2_trimmed_bismark_bt2.deduplicated.txt.gz",
                "bismark/methylation_calls/methylation_calls/CHH_OB_SRR389222_sub3_trimmed_bismark_bt2.deduplicated.txt.gz",
                "bismark/methylation_calls/methylation_calls/CHH_OT_Ecoli_10K_methylated_1_val_1_bismark_bt2_pe.deduplicated.txt.gz",
                "bismark/methylation_calls/methylation_calls/CHH_OT_SRR389222_sub1_trimmed_bismark_bt2.deduplicated.txt.gz",
                "bismark/methylation_calls/methylation_calls/CHH_OT_SRR389222_sub2_trimmed_bismark_bt2.deduplicated.txt.gz",
                "bismark/methylation_calls/methylation_calls/CHH_OT_SRR389222_sub3_trimmed_bismark_bt2.deduplicated.txt.gz",
                "bismark/methylation_calls/methylation_calls/CpG_OB_Ecoli_10K_methylated_1_val_1_bismark_bt2_pe.deduplicated.txt.gz",
                "bismark/methylation_calls/methylation_calls/CpG_OB_SRR389222_sub1_trimmed_bismark_bt2.deduplicated.txt.gz",
                "bismark/methylation_calls/methylation_calls/CpG_OB_SRR389222_sub2_trimmed_bismark_bt2.deduplicated.txt.gz",
                "bismark/methylation_calls/methylation_calls/CpG_OB_SRR389222_sub3_trimmed_bismark_bt2.deduplicated.txt.gz",
                "bismark/methylation_calls/methylation_calls/CpG_OT_Ecoli_10K_methylated_1_val_1_bismark_bt2_pe.deduplicated.txt.gz",
                "bismark/methylation_calls/methylation_calls/CpG_OT_SRR389222_sub1_trimmed_bismark_bt2.deduplicated.txt.gz",
                "bismark/methylation_calls/methylation_calls/CpG_OT_SRR389222_sub2_trimmed_bismark_bt2.deduplicated.txt.gz",
                "bismark/methylation_calls/methylation_calls/CpG_OT_SRR389222_sub3_trimmed_bismark_bt2.deduplicated.txt.gz",
                "bismark/methylation_calls/methylation_coverage",
                "bismark/methylation_calls/methylation_coverage/Ecoli_10K_methylated_1_val_1_bismark_bt2_pe.deduplicated.bismark.cov.gz",
                "bismark/methylation_calls/methylation_coverage/SRR389222_sub1_trimmed_bismark_bt2.deduplicated.bismark.cov.gz",
                "bismark/methylation_calls/methylation_coverage/SRR389222_sub2_trimmed_bismark_bt2.deduplicated.bismark.cov.gz",
                "bismark/methylation_calls/methylation_coverage/SRR389222_sub3_trimmed_bismark_bt2.deduplicated.bismark.cov.gz",
                "bismark/methylation_calls/splitting_report",
                "bismark/methylation_calls/splitting_report/Ecoli_10K_methylated_1_val_1_bismark_bt2_pe.deduplicated_splitting_report.txt",
                "bismark/methylation_calls/splitting_report/SRR389222_sub1_trimmed_bismark_bt2.deduplicated_splitting_report.txt",
                "bismark/methylation_calls/splitting_report/SRR389222_sub2_trimmed_bismark_bt2.deduplicated_splitting_report.txt",
                "bismark/methylation_calls/splitting_report/SRR389222_sub3_trimmed_bismark_bt2.deduplicated_splitting_report.txt",
                "bismark/reports",
                "bismark/reports/Ecoli_10K_methylated_1_val_1_bismark_bt2_PE_report.html",
                "bismark/reports/SRR389222_sub1_trimmed_bismark_bt2_SE_report.html",
                "bismark/reports/SRR389222_sub2_trimmed_bismark_bt2_SE_report.html",
                "bismark/reports/SRR389222_sub3_trimmed_bismark_bt2_SE_report.html",
                "bismark/summary",
                "bismark/summary/bismark_summary_report.html",
                "bismark/summary/bismark_summary_report.txt",
                "fastqc",
                "fastqc/Ecoli_10K_methylated_1_fastqc.html",
                "fastqc/Ecoli_10K_methylated_2_fastqc.html",
                "fastqc/SRR389222_sub1_fastqc.html",
                "fastqc/SRR389222_sub2_fastqc.html",
                "fastqc/SRR389222_sub3_fastqc.html",
                "fastqc/zips",
                "fastqc/zips/Ecoli_10K_methylated_1_fastqc.zip",
                "fastqc/zips/Ecoli_10K_methylated_2_fastqc.zip",
                "fastqc/zips/SRR389222_sub1_fastqc.zip",
                "fastqc/zips/SRR389222_sub2_fastqc.zip",
                "fastqc/zips/SRR389222_sub3_fastqc.zip",
                "multiqc",
                "multiqc/bismark",
                "multiqc/bismark/multiqc_data",
                "multiqc/bismark/multiqc_data/BETA-multiqc.parquet",
                "multiqc/bismark/multiqc_data/bismark-methylation-dp.txt",
                "multiqc/bismark/multiqc_data/bismark_alignment.txt",
                "multiqc/bismark/multiqc_data/bismark_deduplication.txt",
                "multiqc/bismark/multiqc_data/bismark_mbias_CHG_R1.txt",
                "multiqc/bismark/multiqc_data/bismark_mbias_CHG_R2.txt",
                "multiqc/bismark/multiqc_data/bismark_mbias_CHH_R1.txt",
                "multiqc/bismark/multiqc_data/bismark_mbias_CHH_R2.txt",
                "multiqc/bismark/multiqc_data/bismark_mbias_CpG_R1.txt",
                "multiqc/bismark/multiqc_data/bismark_mbias_CpG_R2.txt",
                "multiqc/bismark/multiqc_data/bismark_strand_alignment.txt",
                "multiqc/bismark/multiqc_data/cutadapt_filtered_reads_plot.txt",
                "multiqc/bismark/multiqc_data/cutadapt_trimmed_sequences_plot_3_Counts.txt",
                "multiqc/bismark/multiqc_data/cutadapt_trimmed_sequences_plot_3_Obs_Exp.txt",
                "multiqc/bismark/multiqc_data/fastqc-status-check-heatmap.txt",
                "multiqc/bismark/multiqc_data/fastqc_adapter_content_plot.txt",
                "multiqc/bismark/multiqc_data/fastqc_overrepresented_sequences_plot.txt",
                "multiqc/bismark/multiqc_data/fastqc_per_base_n_content_plot.txt",
                "multiqc/bismark/multiqc_data/fastqc_per_base_sequence_quality_plot.txt",
                "multiqc/bismark/multiqc_data/fastqc_per_sequence_gc_content_plot_Counts.txt",
                "multiqc/bismark/multiqc_data/fastqc_per_sequence_gc_content_plot_Percentages.txt",
                "multiqc/bismark/multiqc_data/fastqc_per_sequence_quality_scores_plot.txt",
                "multiqc/bismark/multiqc_data/fastqc_sequence_counts_plot.txt",
                "multiqc/bismark/multiqc_data/fastqc_sequence_duplication_levels_plot.txt",
                "multiqc/bismark/multiqc_data/fastqc_top_overrepresented_sequences_table.txt",
                "multiqc/bismark/multiqc_data/llms-full.txt",
                "multiqc/bismark/multiqc_data/multiqc.log",
                "multiqc/bismark/multiqc_data/multiqc_bismark_alignment.txt",
                "multiqc/bismark/multiqc_data/multiqc_bismark_dedup.txt",
                "multiqc/bismark/multiqc_data/multiqc_bismark_methextract.txt",
                "multiqc/bismark/multiqc_data/multiqc_citations.txt",
                "multiqc/bismark/multiqc_data/multiqc_cutadapt.txt",
                "multiqc/bismark/multiqc_data/multiqc_data.json",
                "multiqc/bismark/multiqc_data/multiqc_fastqc.txt",
                "multiqc/bismark/multiqc_data/multiqc_general_stats.txt",
                "multiqc/bismark/multiqc_data/multiqc_software_versions.txt",
                "multiqc/bismark/multiqc_data/multiqc_sources.txt",
                "multiqc/bismark/multiqc_plots",
                "multiqc/bismark/multiqc_plots/pdf",
                "multiqc/bismark/multiqc_plots/pdf/bismark-methylation-dp.pdf",
                "multiqc/bismark/multiqc_plots/pdf/bismark_alignment-cnt.pdf",
                "multiqc/bismark/multiqc_plots/pdf/bismark_alignment-pct.pdf",
                "multiqc/bismark/multiqc_plots/pdf/bismark_deduplication-cnt.pdf",
                "multiqc/bismark/multiqc_plots/pdf/bismark_deduplication-pct.pdf",
                "multiqc/bismark/multiqc_plots/pdf/bismark_mbias_CHG_R1.pdf",
                "multiqc/bismark/multiqc_plots/pdf/bismark_mbias_CHG_R2.pdf",
                "multiqc/bismark/multiqc_plots/pdf/bismark_mbias_CHH_R1.pdf",
                "multiqc/bismark/multiqc_plots/pdf/bismark_mbias_CHH_R2.pdf",
                "multiqc/bismark/multiqc_plots/pdf/bismark_mbias_CpG_R1.pdf",
                "multiqc/bismark/multiqc_plots/pdf/bismark_mbias_CpG_R2.pdf",
                "multiqc/bismark/multiqc_plots/pdf/bismark_strand_alignment-cnt.pdf",
                "multiqc/bismark/multiqc_plots/pdf/bismark_strand_alignment-pct.pdf",
                "multiqc/bismark/multiqc_plots/pdf/cutadapt_filtered_reads_plot-cnt.pdf",
                "multiqc/bismark/multiqc_plots/pdf/cutadapt_filtered_reads_plot-pct.pdf",
                "multiqc/bismark/multiqc_plots/pdf/cutadapt_trimmed_sequences_plot_3_Counts.pdf",
                "multiqc/bismark/multiqc_plots/pdf/cutadapt_trimmed_sequences_plot_3_Obs_Exp.pdf",
                "multiqc/bismark/multiqc_plots/pdf/fastqc-status-check-heatmap.pdf",
                "multiqc/bismark/multiqc_plots/pdf/fastqc_adapter_content_plot.pdf",
                "multiqc/bismark/multiqc_plots/pdf/fastqc_overrepresented_sequences_plot.pdf",
                "multiqc/bismark/multiqc_plots/pdf/fastqc_per_base_n_content_plot.pdf",
                "multiqc/bismark/multiqc_plots/pdf/fastqc_per_base_sequence_quality_plot.pdf",
                "multiqc/bismark/multiqc_plots/pdf/fastqc_per_sequence_gc_content_plot_Counts.pdf",
                "multiqc/bismark/multiqc_plots/pdf/fastqc_per_sequence_gc_content_plot_Percentages.pdf",
                "multiqc/bismark/multiqc_plots/pdf/fastqc_per_sequence_quality_scores_plot.pdf",
                "multiqc/bismark/multiqc_plots/pdf/fastqc_sequence_counts_plot-cnt.pdf",
                "multiqc/bismark/multiqc_plots/pdf/fastqc_sequence_counts_plot-pct.pdf",
                "multiqc/bismark/multiqc_plots/pdf/fastqc_sequence_duplication_levels_plot.pdf",
                "multiqc/bismark/multiqc_plots/pdf/fastqc_top_overrepresented_sequences_table.pdf",
                "multiqc/bismark/multiqc_plots/png",
                "multiqc/bismark/multiqc_plots/png/bismark-methylation-dp.png",
                "multiqc/bismark/multiqc_plots/png/bismark_alignment-cnt.png",
                "multiqc/bismark/multiqc_plots/png/bismark_alignment-pct.png",
                "multiqc/bismark/multiqc_plots/png/bismark_deduplication-cnt.png",
                "multiqc/bismark/multiqc_plots/png/bismark_deduplication-pct.png",
                "multiqc/bismark/multiqc_plots/png/bismark_mbias_CHG_R1.png",
                "multiqc/bismark/multiqc_plots/png/bismark_mbias_CHG_R2.png",
                "multiqc/bismark/multiqc_plots/png/bismark_mbias_CHH_R1.png",
                "multiqc/bismark/multiqc_plots/png/bismark_mbias_CHH_R2.png",
                "multiqc/bismark/multiqc_plots/png/bismark_mbias_CpG_R1.png",
                "multiqc/bismark/multiqc_plots/png/bismark_mbias_CpG_R2.png",
                "multiqc/bismark/multiqc_plots/png/bismark_strand_alignment-cnt.png",
                "multiqc/bismark/multiqc_plots/png/bismark_strand_alignment-pct.png",
                "multiqc/bismark/multiqc_plots/png/cutadapt_filtered_reads_plot-cnt.png",
                "multiqc/bismark/multiqc_plots/png/cutadapt_filtered_reads_plot-pct.png",
                "multiqc/bismark/multiqc_plots/png/cutadapt_trimmed_sequences_plot_3_Counts.png",
                "multiqc/bismark/multiqc_plots/png/cutadapt_trimmed_sequences_plot_3_Obs_Exp.png",
                "multiqc/bismark/multiqc_plots/png/fastqc-status-check-heatmap.png",
                "multiqc/bismark/multiqc_plots/png/fastqc_adapter_content_plot.png",
                "multiqc/bismark/multiqc_plots/png/fastqc_overrepresented_sequences_plot.png",
                "multiqc/bismark/multiqc_plots/png/fastqc_per_base_n_content_plot.png",
                "multiqc/bismark/multiqc_plots/png/fastqc_per_base_sequence_quality_plot.png",
                "multiqc/bismark/multiqc_plots/png/fastqc_per_sequence_gc_content_plot_Counts.png",
                "multiqc/bismark/multiqc_plots/png/fastqc_per_sequence_gc_content_plot_Percentages.png",
                "multiqc/bismark/multiqc_plots/png/fastqc_per_sequence_quality_scores_plot.png",
                "multiqc/bismark/multiqc_plots/png/fastqc_sequence_counts_plot-cnt.png",
                "multiqc/bismark/multiqc_plots/png/fastqc_sequence_counts_plot-pct.png",
                "multiqc/bismark/multiqc_plots/png/fastqc_sequence_duplication_levels_plot.png",
                "multiqc/bismark/multiqc_plots/png/fastqc_top_overrepresented_sequences_table.png",
                "multiqc/bismark/multiqc_plots/svg",
                "multiqc/bismark/multiqc_plots/svg/bismark-methylation-dp.svg",
                "multiqc/bismark/multiqc_plots/svg/bismark_alignment-cnt.svg",
                "multiqc/bismark/multiqc_plots/svg/bismark_alignment-pct.svg",
                "multiqc/bismark/multiqc_plots/svg/bismark_deduplication-cnt.svg",
                "multiqc/bismark/multiqc_plots/svg/bismark_deduplication-pct.svg",
                "multiqc/bismark/multiqc_plots/svg/bismark_mbias_CHG_R1.svg",
                "multiqc/bismark/multiqc_plots/svg/bismark_mbias_CHG_R2.svg",
                "multiqc/bismark/multiqc_plots/svg/bismark_mbias_CHH_R1.svg",
                "multiqc/bismark/multiqc_plots/svg/bismark_mbias_CHH_R2.svg",
                "multiqc/bismark/multiqc_plots/svg/bismark_mbias_CpG_R1.svg",
                "multiqc/bismark/multiqc_plots/svg/bismark_mbias_CpG_R2.svg",
                "multiqc/bismark/multiqc_plots/svg/bismark_strand_alignment-cnt.svg",
                "multiqc/bismark/multiqc_plots/svg/bismark_strand_alignment-pct.svg",
                "multiqc/bismark/multiqc_plots/svg/cutadapt_filtered_reads_plot-cnt.svg",
                "multiqc/bismark/multiqc_plots/svg/cutadapt_filtered_reads_plot-pct.svg",
                "multiqc/bismark/multiqc_plots/svg/cutadapt_trimmed_sequences_plot_3_Counts.svg",
                "multiqc/bismark/multiqc_plots/svg/cutadapt_trimmed_sequences_plot_3_Obs_Exp.svg",
                "multiqc/bismark/multiqc_plots/svg/fastqc-status-check-heatmap.svg",
                "multiqc/bismark/multiqc_plots/svg/fastqc_adapter_content_plot.svg",
                "multiqc/bismark/multiqc_plots/svg/fastqc_overrepresented_sequences_plot.svg",
                "multiqc/bismark/multiqc_plots/svg/fastqc_per_base_n_content_plot.svg",
                "multiqc/bismark/multiqc_plots/svg/fastqc_per_base_sequence_quality_plot.svg",
                "multiqc/bismark/multiqc_plots/svg/fastqc_per_sequence_gc_content_plot_Counts.svg",
                "multiqc/bismark/multiqc_plots/svg/fastqc_per_sequence_gc_content_plot_Percentages.svg",
                "multiqc/bismark/multiqc_plots/svg/fastqc_per_sequence_quality_scores_plot.svg",
                "multiqc/bismark/multiqc_plots/svg/fastqc_sequence_counts_plot-cnt.svg",
                "multiqc/bismark/multiqc_plots/svg/fastqc_sequence_counts_plot-pct.svg",
                "multiqc/bismark/multiqc_plots/svg/fastqc_sequence_duplication_levels_plot.svg",
                "multiqc/bismark/multiqc_plots/svg/fastqc_top_overrepresented_sequences_table.svg",
                "multiqc/bismark/multiqc_report.html",
                "pipeline_info",
                "pipeline_info/nf_core_methylseq_software_mqc_versions.yml",
                "trimgalore",
                "trimgalore/fastqc",
                "trimgalore/fastqc/Ecoli_10K_methylated_1_val_1_fastqc.html",
                "trimgalore/fastqc/Ecoli_10K_methylated_2_val_2_fastqc.html",
                "trimgalore/fastqc/SRR389222_sub1_trimmed_fastqc.html",
                "trimgalore/fastqc/SRR389222_sub2_trimmed_fastqc.html",
                "trimgalore/fastqc/SRR389222_sub3_trimmed_fastqc.html",
                "trimgalore/fastqc/zips",
                "trimgalore/fastqc/zips/Ecoli_10K_methylated_1_val_1_fastqc.zip",
                "trimgalore/fastqc/zips/Ecoli_10K_methylated_2_val_2_fastqc.zip",
                "trimgalore/fastqc/zips/SRR389222_sub1_trimmed_fastqc.zip",
                "trimgalore/fastqc/zips/SRR389222_sub2_trimmed_fastqc.zip",
                "trimgalore/fastqc/zips/SRR389222_sub3_trimmed_fastqc.zip",
                "trimgalore/logs",
                "trimgalore/logs/Ecoli_10K_methylated_1.fastq.gz_trimming_report.txt",
                "trimgalore/logs/Ecoli_10K_methylated_2.fastq.gz_trimming_report.txt",
                "trimgalore/logs/SRR389222_sub1.fastq.gz_trimming_report.txt",
                "trimgalore/logs/SRR389222_sub2.fastq.gz_trimming_report.txt",
                "trimgalore/logs/SRR389222_sub3.fastq.gz_trimming_report.txt"
            ],
            [
                "Ecoli_10K_methylated_1_val_1_bismark_bt2_pe.deduplicated.bedGraph.gz:md5,58c9ba98d0638c26a30233b006a81172",
                "SRR389222_sub1_trimmed_bismark_bt2.deduplicated.bedGraph.gz:md5,d31df76c1c9128299367ebfe740357b9",
                "SRR389222_sub2_trimmed_bismark_bt2.deduplicated.bedGraph.gz:md5,010f32001bbc7805f8e041f3ef0d9ea9",
                "SRR389222_sub3_trimmed_bismark_bt2.deduplicated.bedGraph.gz:md5,d42e09af121ae14f6e0de5779e317b0b",
                "Ecoli_10K_methylated_1_val_1_bismark_bt2_pe.deduplicated.M-bias.txt:md5,29f3b882a51b63ce77d3d9c69b0e5f85",
                "SRR389222_sub1_trimmed_bismark_bt2.deduplicated.M-bias.txt:md5,ed28b3cce432eecfae73bc4a071ec4ee",
                "SRR389222_sub2_trimmed_bismark_bt2.deduplicated.M-bias.txt:md5,b06ce0084e54193ff8c9b9dd0ec9757b",
                "SRR389222_sub3_trimmed_bismark_bt2.deduplicated.M-bias.txt:md5,b865b7fb6e1225feeb6aef3372ef0b1d",
                "CHG_OB_Ecoli_10K_methylated_1_val_1_bismark_bt2_pe.deduplicated.txt.gz:md5,4409f865c46778f03c90f181d62cfcb2",
                "CHG_OB_SRR389222_sub1_trimmed_bismark_bt2.deduplicated.txt.gz:md5,712f021d3fb5e9c24e31936578ea7abf",
                "CHG_OB_SRR389222_sub2_trimmed_bismark_bt2.deduplicated.txt.gz:md5,1fa5a8dabcb6aee45caa64d9625c6892",
                "CHG_OB_SRR389222_sub3_trimmed_bismark_bt2.deduplicated.txt.gz:md5,423bc83ec5b8e4c1e208f9aa6b2f2dd0",
                "CHG_OT_Ecoli_10K_methylated_1_val_1_bismark_bt2_pe.deduplicated.txt.gz:md5,13c7db6cf1cdee050d976865145c78ff",
                "CHG_OT_SRR389222_sub1_trimmed_bismark_bt2.deduplicated.txt.gz:md5,af0d54bbbffd3c90b1a7c3e9fd7281ec",
                "CHG_OT_SRR389222_sub2_trimmed_bismark_bt2.deduplicated.txt.gz:md5,99f5cae7fb471533fce4b141f06608ed",
                "CHG_OT_SRR389222_sub3_trimmed_bismark_bt2.deduplicated.txt.gz:md5,723cc25a2b970bad2c310a9217d2a831",
                "CHH_OB_Ecoli_10K_methylated_1_val_1_bismark_bt2_pe.deduplicated.txt.gz:md5,53d9762608d3c2469c962028c3ccff74",
                "CHH_OB_SRR389222_sub1_trimmed_bismark_bt2.deduplicated.txt.gz:md5,a81a5f3fb87ac03c001248d208fae012",
                "CHH_OB_SRR389222_sub2_trimmed_bismark_bt2.deduplicated.txt.gz:md5,e313a79e4d470bdc898fb05c8be268c8",
                "CHH_OB_SRR389222_sub3_trimmed_bismark_bt2.deduplicated.txt.gz:md5,d8e0daed9b0a0cc4354bf38553201271",
                "CHH_OT_Ecoli_10K_methylated_1_val_1_bismark_bt2_pe.deduplicated.txt.gz:md5,4e8dccd77a5354658154eb89b091bd19",
                "CHH_OT_SRR389222_sub1_trimmed_bismark_bt2.deduplicated.txt.gz:md5,0bfc9914be99ced16bd9fce35a32dfcf",
                "CHH_OT_SRR389222_sub2_trimmed_bismark_bt2.deduplicated.txt.gz:md5,6d9be607bca6a2fc9ded66f418b0d096",
                "CHH_OT_SRR389222_sub3_trimmed_bismark_bt2.deduplicated.txt.gz:md5,d090abb7565ad8165b4d2586a083b80a",
                "CpG_OB_Ecoli_10K_methylated_1_val_1_bismark_bt2_pe.deduplicated.txt.gz:md5,18a8da54d13737e6a0fed759b416e422",
                "CpG_OB_SRR389222_sub1_trimmed_bismark_bt2.deduplicated.txt.gz:md5,23761f5fce34d29e747c984822332f28",
                "CpG_OB_SRR389222_sub2_trimmed_bismark_bt2.deduplicated.txt.gz:md5,56bc796e343f2ccff7caa89111b8ba6c",
                "CpG_OB_SRR389222_sub3_trimmed_bismark_bt2.deduplicated.txt.gz:md5,c709906b2b35ad99a8688ff5d1eefd47",
                "CpG_OT_Ecoli_10K_methylated_1_val_1_bismark_bt2_pe.deduplicated.txt.gz:md5,e8b595118c8b2d5c23cc43fa52399156",
                "CpG_OT_SRR389222_sub1_trimmed_bismark_bt2.deduplicated.txt.gz:md5,7be360e5409808928f77121aa4854ec6",
                "CpG_OT_SRR389222_sub2_trimmed_bismark_bt2.deduplicated.txt.gz:md5,22bb4d6a51b8d1189978c3be8393df8d",
                "CpG_OT_SRR389222_sub3_trimmed_bismark_bt2.deduplicated.txt.gz:md5,d30f6c08ab349ab1cf9c409bccc45b6d",
                "Ecoli_10K_methylated_1_val_1_bismark_bt2_pe.deduplicated.bismark.cov.gz:md5,8e6ba6fe66416d73e7f94b4da9ca77b1",
                "SRR389222_sub1_trimmed_bismark_bt2.deduplicated.bismark.cov.gz:md5,5377d9fff4f1bf5b98dc2310fbeb6ec9",
                "SRR389222_sub2_trimmed_bismark_bt2.deduplicated.bismark.cov.gz:md5,4713bda7b4f2bb16ce23853aea763cbd",
                "SRR389222_sub3_trimmed_bismark_bt2.deduplicated.bismark.cov.gz:md5,f9a07c3e11e0caad6df3cd2e4d94d8ac",
                "Ecoli_10K_methylated_1_val_1_bismark_bt2_pe.deduplicated_splitting_report.txt:md5,f677e6620aa7538cc2cf615b11a114a6",
                "SRR389222_sub1_trimmed_bismark_bt2.deduplicated_splitting_report.txt:md5,ba13de44235e2ddba5867ecf05edcb02",
                "SRR389222_sub2_trimmed_bismark_bt2.deduplicated_splitting_report.txt:md5,c02acfeab9e0d248ddec63501dc23124",
                "SRR389222_sub3_trimmed_bismark_bt2.deduplicated_splitting_report.txt:md5,46e2f5f48ba6f27d0a1069cfff32d2a4",
                "bismark-methylation-dp.txt:md5,dcbe642c42e31d8e480a2e46b97bbd45",
                "bismark_alignment.txt:md5,544a74ea0f32005b0c886af79a6fad5b",
                "bismark_deduplication.txt:md5,db387240d46c09b0b952ed8b54855e76",
                "bismark_mbias_CHG_R1.txt:md5,1a2a02f5f48e312a7cfa91ec253c1f49",
                "bismark_mbias_CHG_R2.txt:md5,1f6523b48bda086d29f70265187e7475",
                "bismark_mbias_CHH_R1.txt:md5,bcd25ac0c71b5ec120e948bc165f54d4",
                "bismark_mbias_CHH_R2.txt:md5,5e32a8b39118c3592b088a0b69ae1f21",
                "bismark_mbias_CpG_R1.txt:md5,0da9724e4a303148c39b6f4c18b8876b",
                "bismark_mbias_CpG_R2.txt:md5,46cca816038163d0f629fed7ada212b8",
                "bismark_strand_alignment.txt:md5,a8738f981bab911b95ffe9d3434f2b08",
                "cutadapt_filtered_reads_plot.txt:md5,ff1b6d4011a5be5410b9404f7ff56c56",
                "cutadapt_trimmed_sequences_plot_3_Counts.txt:md5,57d07c19b0c30dc88df96c30bedcdc33",
                "cutadapt_trimmed_sequences_plot_3_Obs_Exp.txt:md5,1e5ca4193f8290c5c812334d03615b41",
                "fastqc-status-check-heatmap.txt:md5,218c2a7efbb9c02f652fa78fc739c866",
                "fastqc_adapter_content_plot.txt:md5,48d8bd5ece984a74972ce0a0e814dd07",
                "fastqc_overrepresented_sequences_plot.txt:md5,9c4b7064950b5b2c486d556984f21e9e",
                "fastqc_per_base_n_content_plot.txt:md5,019d5cd4f61a31f4e7016140ca8ee36e",
                "fastqc_per_base_sequence_quality_plot.txt:md5,e4c7d522114eab9bc9101e7ee9d83c8f",
                "fastqc_per_sequence_gc_content_plot_Counts.txt:md5,302659bee8a02b6a38b24fe25f8eaa87",
                "fastqc_per_sequence_gc_content_plot_Percentages.txt:md5,c75b396eb5dda8682fb1652a9b2e92a3",
                "fastqc_per_sequence_quality_scores_plot.txt:md5,548c593f4a8be2d8627fc3bd1c280611",
                "fastqc_sequence_counts_plot.txt:md5,58eeeb06bc9dcc1764c7daf0847d6bbf",
                "fastqc_sequence_duplication_levels_plot.txt:md5,9e5712db9aa39b5754ea1e0c49cfff15",
                "fastqc_top_overrepresented_sequences_table.txt:md5,6dfc5334a09c05392ea17369aa742d01",
                "multiqc_bismark_alignment.txt:md5,35d2078f3c04edd399d678f0c655df3d",
                "multiqc_bismark_dedup.txt:md5,d09a5de4d81a3207efb6a8937d060e46",
                "multiqc_bismark_methextract.txt:md5,4de8b30e86e3b4a57580b9f928582a57",
                "multiqc_citations.txt:md5,73a6d29705d5a07f17f99c92e3a0f148",
                "multiqc_cutadapt.txt:md5,883891ac4901385102be053212068732"
            ],
            [
                [
                    "Ecoli_10K_methylated.deduplicated.sorted.bam",
                    "a54ab7c96f9523a4ccd25fd69f6905f8"
                ],
                [
                    "SRR389222_sub1.deduplicated.sorted.bam",
                    "3f11ef5fbbda3797fd6217728e4f00d3"
                ],
                [
                    "SRR389222_sub2.deduplicated.sorted.bam",
                    "b01f29fc1d8d46922a69df09c636b4c4"
                ],
                [
                    "SRR389222_sub3.deduplicated.sorted.bam",
                    "347195c04c9ffd2a2b10967a6682fc69"
                ]
            ]
        ],
        "meta": {
            "nf-test": "0.9.2",
            "nextflow": "25.04.6"
        },
        "timestamp": "2025-08-04T14:25:05.519843452"
    }
}