{
    "Params: default with bowtie2-index": {
        "content": [
            36,
            {
                "BISMARK_ALIGN": {
                    "bismark": "0.25.0"
                },
                "BISMARK_DEDUPLICATE": {
                    "bismark": "0.25.0"
                },
                "BISMARK_METHYLATIONEXTRACTOR": {
                    "bismark": "0.25.0"
                },
                "BISMARK_REPORT": {
                    "bismark": "0.25.0"
                },
                "BISMARK_SUMMARY": {
                    "bismark": "0.25.0"
                },
                "FASTQC": {
                    "fastqc": "0.12.1"
                },
                "GUNZIP": {
                    "gunzip": 1.13
                },
                "SAMTOOLS_INDEX": {
                    "samtools": 1.21
                },
                "SAMTOOLS_SORT": {
                    "samtools": 1.21
                },
                "TRIMGALORE": {
                    "trimgalore": "0.6.10",
                    "cutadapt": 4.9,
                    "pigz": 2.8
                },
                "UNTAR": {
                    "untar": 1.34
                },
                "Workflow": {
                    "nf-core/methylseq": "v4.1.0"
                }
            }
        ],
        "meta": {
            "nf-test": "0.9.2",
            "nextflow": "24.10.5"
        },
        "timestamp": "2025-08-27T19:02:08.426866526"
    },
    "Params: bismark_hisat with hisat2-index": {
        "content": [
            36,
            {
                "BISMARK_ALIGN": {
                    "bismark": "0.25.0"
                },
                "BISMARK_DEDUPLICATE": {
                    "bismark": "0.25.0"
                },
                "BISMARK_GENOMEPREPARATION": {
                    "bismark": "0.25.0"
                },
                "BISMARK_METHYLATIONEXTRACTOR": {
                    "bismark": "0.25.0"
                },
                "BISMARK_REPORT": {
                    "bismark": "0.25.0"
                },
                "BISMARK_SUMMARY": {
                    "bismark": "0.25.0"
                },
                "FASTQC": {
                    "fastqc": "0.12.1"
                },
                "GUNZIP": {
                    "gunzip": 1.13
                },
                "SAMTOOLS_INDEX": {
                    "samtools": 1.21
                },
                "SAMTOOLS_SORT": {
                    "samtools": 1.21
                },
                "TRIMGALORE": {
                    "trimgalore": "0.6.10",
                    "cutadapt": 4.9,
                    "pigz": 2.8
                },
                "Workflow": {
                    "nf-core/methylseq": "v4.1.0"
                }
            }
        ],
        "meta": {
            "nf-test": "0.9.2",
            "nextflow": "24.10.5"
        },
        "timestamp": "2025-08-27T19:05:19.128708792"
    },
    "Params: bismark with run_preseq with bowtie2-index": {
        "content": [
            36,
            {
                "BISMARK_ALIGN": {
                    "bismark": "0.25.0"
                },
                "BISMARK_DEDUPLICATE": {
                    "bismark": "0.25.0"
                },
                "BISMARK_METHYLATIONEXTRACTOR": {
                    "bismark": "0.25.0"
                },
                "BISMARK_REPORT": {
                    "bismark": "0.25.0"
                },
                "BISMARK_SUMMARY": {
                    "bismark": "0.25.0"
                },
                "FASTQC": {
                    "fastqc": "0.12.1"
                },
                "GUNZIP": {
                    "gunzip": 1.13
                },
                "SAMTOOLS_INDEX": {
                    "samtools": 1.21
                },
                "SAMTOOLS_SORT": {
                    "samtools": 1.21
                },
                "TRIMGALORE": {
                    "trimgalore": "0.6.10",
                    "cutadapt": 4.9,
                    "pigz": 2.8
                },
                "UNTAR": {
                    "untar": 1.34
                },
                "Workflow": {
                    "nf-core/methylseq": "v4.1.0"
                }
            }
        ],
        "meta": {
            "nf-test": "0.9.2",
            "nextflow": "24.10.5"
        },
        "timestamp": "2025-08-27T19:03:14.446161967"
    },
    "Params: bwameth with bwameth-index": {
        "content": [
            41,
            {
                "BWAMETH_ALIGN": {
                    "bwameth": "0.2.9"
                },
                "FASTQC": {
                    "fastqc": "0.12.1"
                },
                "GUNZIP": {
                    "gunzip": 1.13
                },
                "METHYLDACKEL_EXTRACT": {
                    "methyldackel": "0.6.1"
                },
                "METHYLDACKEL_MBIAS": {
                    "methyldackel": "0.6.1"
                },
                "PICARD_MARKDUPLICATES": {
                    "picard": "3.3.0"
                },
                "SAMTOOLS_FLAGSTAT": {
                    "samtools": 1.21
                },
                "SAMTOOLS_INDEX_ALIGNMENTS": {
                    "samtools": 1.21
                },
                "SAMTOOLS_INDEX_DEDUPLICATED": {
                    "samtools": 1.21
                },
                "SAMTOOLS_SORT": {
                    "samtools": 1.21
                },
                "SAMTOOLS_STATS": {
                    "samtools": 1.21
                },
                "TRIMGALORE": {
                    "trimgalore": "0.6.10",
                    "cutadapt": 4.9,
                    "pigz": 2.8
                },
                "UNTAR": {
                    "untar": 1.34
                },
                "Workflow": {
                    "nf-core/methylseq": "v4.1.0"
                }
            }
        ],
        "meta": {
            "nf-test": "0.9.2",
            "nextflow": "24.10.5"
        },
        "timestamp": "2025-08-27T19:04:09.087218234"
    }
}