{
    "Should run with clipping params": {
        "content": [
            36
        ],
        "timestamp": "2022-12-07T15:00:07+0000"
    }
}