{
    "Params: bwamem single-end - default": {
        "content": [
            [
                "60a8b848db69b989825027aa9b57b6dc"
            ],
            [
                "test.dedup.sorted.bam.bai"
            ],
            [
                [
                    {
                        "id": "test",
                        "single_end": true
                    },
                    "test.flagstat:md5,fa1d26916675926472eca8792877bcc2"
                ],
                [
                    {
                        "id": "test",
                        "single_end": true
                    },
                    "test.sorted.bam:md5,f8af98bf5fcab925dc5f6c22851622cb"
                ]
            ],
            [
                [
                    {
                        "id": "test",
                        "single_end": true
                    },
                    "test.sorted.bam:md5,f8af98bf5fcab925dc5f6c22851622cb"
                ],
                [
                    {
                        "id": "test",
                        "single_end": true
                    },
                    "test.stats:md5,e4cc4f08ab947681aac06a51086b198c"
                ]
            ],
            [
                [
                    {
                        "id": "test",
                        "single_end": true
                    },
                    "test.idxstats:md5,a0bbe1663eb64c8e429497ac947ae93b"
                ],
                [
                    {
                        "id": "test",
                        "single_end": true
                    },
                    "test.sorted.bam:md5,f8af98bf5fcab925dc5f6c22851622cb"
                ]
            ],
            [
                "test.dedup.sorted.MarkDuplicates.metrics.txt"
            ],
            [
                "test.dedup.sorted.MarkDuplicates.metrics.txt",
                "test.sorted.bam",
                "test.flagstat",
                "test.sorted.bam",
                "test.idxstats",
                "test.sorted.bam",
                "test.stats"
            ],
            [
                "versions.yml:md5,25a1a4ccae61d15eca01af3e92d28ab5",
                "versions.yml:md5,4a350e432b223bcba51e65611dbdc632",
                "versions.yml:md5,4bd9092db8b15228c1fce19a449159d4",
                "versions.yml:md5,79cb0f0eebeecf8ea8379b23d0257e3b",
                "versions.yml:md5,846025f4bf158c6787e1993a75849e4b",
                "versions.yml:md5,86b45e50b28f949dac76b5bcc10460d5",
                "versions.yml:md5,8906f72a2cfba573aa0608980236503d",
                "versions.yml:md5,e3e4c46bf186965ef9260b603bfe834a",
                "versions.yml:md5,e74a07f6412edd9e98e4e4e4aacd15d0"
            ]
        ],
        "meta": {
            "nf-test": "0.9.2",
            "nextflow": "24.10.5"
        },
        "timestamp": "2025-08-26T22:02:30.516109656"
    },
    "Params: bwamem paired-end - skip_deduplication": {
        "content": [
            [
                "5ec1463f3badcdb30b47e4a8f51c9978"
            ],
            [
                "test.sorted.bam",
                "test.sorted.bam.bai"
            ],
            [
                [
                    {
                        "id": "test",
                        "single_end": true
                    },
                    "test.flagstat:md5,523a01632ab25ab0445d0cf458303149"
                ],
                [
                    {
                        "id": "test",
                        "single_end": true
                    },
                    "test.sorted.bam:md5,9b9fe8c083adda99cb579b8ed769321b"
                ]
            ],
            [
                [
                    {
                        "id": "test",
                        "single_end": true
                    },
                    "test.sorted.bam:md5,9b9fe8c083adda99cb579b8ed769321b"
                ],
                [
                    {
                        "id": "test",
                        "single_end": true
                    },
                    "test.stats:md5,32c98b285a3e66ee6b02c7f1f10aab69"
                ]
            ],
            [
                [
                    {
                        "id": "test",
                        "single_end": true
                    },
                    "test.idxstats:md5,0a70bdf92cf4e6d99e9082622b102c53"
                ],
                [
                    {
                        "id": "test",
                        "single_end": true
                    },
                    "test.sorted.bam:md5,9b9fe8c083adda99cb579b8ed769321b"
                ]
            ],
            [

            ],
            [
                "test.sorted.bam",
                "test.flagstat",
                "test.sorted.bam",
                "test.idxstats",
                "test.sorted.bam",
                "test.stats"
            ],
            [
                "versions.yml:md5,25a1a4ccae61d15eca01af3e92d28ab5",
                "versions.yml:md5,4a350e432b223bcba51e65611dbdc632",
                "versions.yml:md5,79cb0f0eebeecf8ea8379b23d0257e3b",
                "versions.yml:md5,846025f4bf158c6787e1993a75849e4b",
                "versions.yml:md5,8906f72a2cfba573aa0608980236503d",
                "versions.yml:md5,e74a07f6412edd9e98e4e4e4aacd15d0"
            ]
        ],
        "meta": {
            "nf-test": "0.9.2",
            "nextflow": "24.10.5"
        },
        "timestamp": "2025-08-26T22:03:23.540479755"
    },
    "Params: bwamem paired-end - default": {
        "content": [
            [
                "5ec1463f3badcdb30b47e4a8f51c9978"
            ],
            [
                "test.dedup.sorted.bam.bai"
            ],
            [
                [
                    {
                        "id": "test",
                        "single_end": true
                    },
                    "test.flagstat:md5,523a01632ab25ab0445d0cf458303149"
                ],
                [
                    {
                        "id": "test",
                        "single_end": true
                    },
                    "test.sorted.bam:md5,9b9fe8c083adda99cb579b8ed769321b"
                ]
            ],
            [
                [
                    {
                        "id": "test",
                        "single_end": true
                    },
                    "test.sorted.bam:md5,9b9fe8c083adda99cb579b8ed769321b"
                ],
                [
                    {
                        "id": "test",
                        "single_end": true
                    },
                    "test.stats:md5,32c98b285a3e66ee6b02c7f1f10aab69"
                ]
            ],
            [
                [
                    {
                        "id": "test",
                        "single_end": true
                    },
                    "test.idxstats:md5,0a70bdf92cf4e6d99e9082622b102c53"
                ],
                [
                    {
                        "id": "test",
                        "single_end": true
                    },
                    "test.sorted.bam:md5,9b9fe8c083adda99cb579b8ed769321b"
                ]
            ],
            [
                "test.dedup.sorted.MarkDuplicates.metrics.txt"
            ],
            [
                "test.dedup.sorted.MarkDuplicates.metrics.txt",
                "test.sorted.bam",
                "test.flagstat",
                "test.sorted.bam",
                "test.idxstats",
                "test.sorted.bam",
                "test.stats"
            ],
            [
                "versions.yml:md5,25a1a4ccae61d15eca01af3e92d28ab5",
                "versions.yml:md5,4a350e432b223bcba51e65611dbdc632",
                "versions.yml:md5,4bd9092db8b15228c1fce19a449159d4",
                "versions.yml:md5,79cb0f0eebeecf8ea8379b23d0257e3b",
                "versions.yml:md5,846025f4bf158c6787e1993a75849e4b",
                "versions.yml:md5,86b45e50b28f949dac76b5bcc10460d5",
                "versions.yml:md5,8906f72a2cfba573aa0608980236503d",
                "versions.yml:md5,e3e4c46bf186965ef9260b603bfe834a",
                "versions.yml:md5,e74a07f6412edd9e98e4e4e4aacd15d0"
            ]
        ],
        "meta": {
            "nf-test": "0.9.2",
            "nextflow": "24.10.5"
        },
        "timestamp": "2025-08-26T22:03:06.541388997"
    }
}
